Forge — interactive runner                                                          phase: executing
  Task:   T010  [in_progress]
  Agent:  forge-executor   Tool: Edit
  Tasks:  [████████████████████████░░░░░░░░░░░░░░░░] 9/15 (60%)
  Tokens: 142k in / 38k out / 89k cached
  Meters: Restarts 2/10   Context 71%   Tools used 17
────────────────────────────────────────────────────────────────────────────────────────────────────
── Transcript ──────────────────────────────────────────────────────────────────────────────────────
  > [forge-executor] Reading src/auth/middleware.ts
  ~ Edit /repo/src/auth/middleware.ts
  = File edited successfully.
  > [forge-executor] Running tests...
  = tests passed (1 more lines)
















